Warning: NLS unused message: QTEST in: com.kms.katalon.constants.globalMessages
Warning: NLS missing message: QTEST_NAME in: com.kms.katalon.constants.globalMessages
2026-05-13 16:24:32.017 INFO  c.k.katalon.core.main.TestSuiteExecutor  - START Test Suites/TS-Web_Regession
2026-05-13 16:24:32.196 INFO  c.k.katalon.core.main.TestSuiteExecutor  - userFullName = Rizky Haryadi
2026-05-13 16:24:32.199 INFO  c.k.katalon.core.main.TestSuiteExecutor  - projectName = Katalon-Testing-web-automation
2026-05-13 16:24:32.200 INFO  c.k.katalon.core.main.TestSuiteExecutor  - hostName = AVOWS - DESKTOP-GIJGKF8
2026-05-13 16:24:32.203 INFO  c.k.katalon.core.main.TestSuiteExecutor  - os = Windows 10 64bit
2026-05-13 16:24:32.204 INFO  c.k.katalon.core.main.TestSuiteExecutor  - hostAddress = 172.16.99.123
2026-05-13 16:24:32.207 INFO  c.k.katalon.core.main.TestSuiteExecutor  - katalonVersion = 10.2.4.0
2026-05-13 16:24:33.075 INFO  c.k.katalon.core.main.TestCaseExecutor   - --------------------
2026-05-13 16:24:33.076 INFO  c.k.katalon.core.main.TestCaseExecutor   - START Test Cases/Web/TC-03-Register_Valid
2026-05-13 16:24:33.796 DEBUG testcase.TC-03-Register_Valid            - 1: openBrowser("https://parabank.parasoft.com")
2026-05-13 16:24:34.186 INFO  c.k.k.core.webui.driver.DriverFactory    - Starting 'Chrome' driver
2026-05-13 16:24:34.261 INFO  c.k.k.core.webui.driver.DriverFactory    - Action delay is set to 0 milliseconds
May 13, 2026 4:24:37 PM org.openqa.selenium.devtools.CdpVersionFinder findNearestMatch
WARNING: Unable to find CDP implementation matching 147
May 13, 2026 4:24:37 PM org.openqa.selenium.chromium.ChromiumDriver lambda$new$4
WARNING: Unable to find version of CDP to use for 147.0.7727.138. You may need to include a dependency on a specific version of the CDP using something similar to `org.seleniumhq.selenium:selenium-devtools-v86:4.28.1` where the version ("v86") matches the version of the chromium-based browser you're using and the version number of the artifact is the same as Selenium's.
2026-05-13 16:24:37.938 INFO  c.k.k.core.webui.driver.DriverFactory    - sessionId = 220611b3674e0c52db26f6571aeb8423
2026-05-13 16:24:37.941 INFO  c.k.k.core.webui.driver.DriverFactory    - browser = Chrome 147.0.7727.138
2026-05-13 16:24:37.942 INFO  c.k.k.core.webui.driver.DriverFactory    - platform = Windows 10
2026-05-13 16:24:37.943 INFO  c.k.k.core.webui.driver.DriverFactory    - seleniumVersion = 4.28.1
2026-05-13 16:24:37.958 INFO  c.k.k.core.webui.driver.DriverFactory    - proxyInformation = ProxyInformation { proxyOption=NO_PROXY, proxyServerType=HTTP, username=, password=********, proxyServerAddress=, proxyServerPort=0, executionList="", isApplyToDesiredCapabilities=true }
2026-05-13 16:24:39.495 DEBUG testcase.TC-03-Register_Valid            - 2: click(findTestObject("Web/Register/link_register"))
2026-05-13 16:24:40.367 DEBUG testcase.TC-03-Register_Valid            - 3: setText(findTestObject("Web/Register/txt_firstname"), "haryadi")
2026-05-13 16:24:41.193 DEBUG testcase.TC-03-Register_Valid            - 4: setText(findTestObject("Web/Register/txt_lastname"), "haryanto")
2026-05-13 16:24:41.846 DEBUG testcase.TC-03-Register_Valid            - 5: setText(findTestObject("Web/Register/txt_address"), "terin 1")
2026-05-13 16:24:42.495 DEBUG testcase.TC-03-Register_Valid            - 6: setText(findTestObject("Web/Register/txt_city"), "Depok")
2026-05-13 16:24:43.146 DEBUG testcase.TC-03-Register_Valid            - 7: setText(findTestObject("Web/Register/txt_state"), "ina")
2026-05-13 16:24:43.799 DEBUG testcase.TC-03-Register_Valid            - 8: setText(findTestObject("Web/Register/txt_zipcode"), "11450")
2026-05-13 16:24:44.489 DEBUG testcase.TC-03-Register_Valid            - 9: setText(findTestObject("Web/Register/txt_phonenumber"), "628527323222")
2026-05-13 16:24:45.147 DEBUG testcase.TC-03-Register_Valid            - 10: setText(findTestObject("Web/Register/txt_ssn"), "12321311")
2026-05-13 16:24:45.805 DEBUG testcase.TC-03-Register_Valid            - 11: setText(findTestObject("Web/Register/txt_username"), "Haryadi01")
2026-05-13 16:24:46.497 DEBUG testcase.TC-03-Register_Valid            - 12: setText(findTestObject("Web/Register/txt_password"), "qwerty123")
2026-05-13 16:24:47.150 DEBUG testcase.TC-03-Register_Valid            - 13: setText(findTestObject("Web/Register/txt_confirmpassword"), "qwerty123")
2026-05-13 16:24:47.775 DEBUG testcase.TC-03-Register_Valid            - 14: click(findTestObject("Web/Register/btn_register"))
2026-05-13 16:24:48.477 DEBUG testcase.TC-03-Register_Valid            - 15: waitForElementPresent(findTestObject("Web/Register/lbl_registerberhasil"), 5)
2026-05-13 16:24:49.017 DEBUG testcase.TC-03-Register_Valid            - 16: verifyElementVisible(findTestObject("Web/Register/lbl_registerberhasil"))
2026-05-13 16:24:49.349 DEBUG testcase.TC-03-Register_Valid            - 17: value = getText(findTestObject("Web/Register/lbl_registerberhasil"))
2026-05-13 16:24:49.660 DEBUG testcase.TC-03-Register_Valid            - 18: assert value.contains("Welcome") : "Seharusnya kehalaman Pendaftaran berhasil!"
2026-05-13 16:24:49.698 DEBUG testcase.TC-03-Register_Valid            - 19: takeScreenshot(screenshotPath + "TC-03-Register Valid.png")
2026-05-13 16:24:50.337 DEBUG testcase.TC-03-Register_Valid            - 20: closeBrowser()
2026-05-13 16:24:50.874 DEBUG testcase.TC-03-Register_Valid            - 21: println("TC-03-Register_Valid Pass - Register Valid berhasil!")
TC-03-Register_Valid Pass - Register Valid berhasil!
2026-05-13 16:24:50.882 INFO  c.k.katalon.core.main.TestCaseExecutor   - END Test Cases/Web/TC-03-Register_Valid
2026-05-13 16:24:50.892 INFO  c.k.katalon.core.main.TestCaseExecutor   - --------------------
2026-05-13 16:24:50.892 INFO  c.k.katalon.core.main.TestCaseExecutor   - START Test Cases/Web/TC-04-Register_Invalid
2026-05-13 16:24:51.052 DEBUG testcase.TC-03-Register_Valid            - 1: openBrowser("https://parabank.parasoft.com")
2026-05-13 16:24:51.057 INFO  c.k.k.core.webui.driver.DriverFactory    - Starting 'Chrome' driver
2026-05-13 16:24:51.059 INFO  c.k.k.core.webui.driver.DriverFactory    - Action delay is set to 0 milliseconds
May 13, 2026 4:24:53 PM org.openqa.selenium.devtools.CdpVersionFinder findNearestMatch
WARNING: Unable to find CDP implementation matching 147
May 13, 2026 4:24:53 PM org.openqa.selenium.chromium.ChromiumDriver lambda$new$4
WARNING: Unable to find version of CDP to use for 147.0.7727.138. You may need to include a dependency on a specific version of the CDP using something similar to `org.seleniumhq.selenium:selenium-devtools-v86:4.28.1` where the version ("v86") matches the version of the chromium-based browser you're using and the version number of the artifact is the same as Selenium's.
2026-05-13 16:24:53.464 INFO  c.k.k.core.webui.driver.DriverFactory    - sessionId = 5518a20f02b11f642468886c4cf25e52
2026-05-13 16:24:53.466 INFO  c.k.k.core.webui.driver.DriverFactory    - browser = Chrome 147.0.7727.138
2026-05-13 16:24:53.467 INFO  c.k.k.core.webui.driver.DriverFactory    - platform = Windows 10
2026-05-13 16:24:53.468 INFO  c.k.k.core.webui.driver.DriverFactory    - seleniumVersion = 4.28.1
2026-05-13 16:24:53.470 INFO  c.k.k.core.webui.driver.DriverFactory    - proxyInformation = ProxyInformation { proxyOption=NO_PROXY, proxyServerType=HTTP, username=, password=********, proxyServerAddress=, proxyServerPort=0, executionList="", isApplyToDesiredCapabilities=true }
2026-05-13 16:24:54.685 DEBUG testcase.TC-03-Register_Valid            - 2: click(findTestObject("Web/Register/link_register"))
2026-05-13 16:24:55.722 DEBUG testcase.TC-03-Register_Valid            - 3: setText(findTestObject("Web/Register/txt_firstname"), "haryadi")
2026-05-13 16:24:56.541 DEBUG testcase.TC-03-Register_Valid            - 4: setText(findTestObject("Web/Register/txt_lastname"), "haryanto")
2026-05-13 16:24:57.162 DEBUG testcase.TC-03-Register_Valid            - 5: setText(findTestObject("Web/Register/txt_address"), "terin 1")
2026-05-13 16:24:57.795 DEBUG testcase.TC-03-Register_Valid            - 6: setText(findTestObject("Web/Register/txt_city"), "Depok")
2026-05-13 16:24:58.410 DEBUG testcase.TC-03-Register_Valid            - 7: setText(findTestObject("Web/Register/txt_state"), "ina")
2026-05-13 16:24:59.045 DEBUG testcase.TC-03-Register_Valid            - 8: setText(findTestObject("Web/Register/txt_zipcode"), "11450")
2026-05-13 16:24:59.664 DEBUG testcase.TC-03-Register_Valid            - 9: setText(findTestObject("Web/Register/txt_phonenumber"), "628527323222")
2026-05-13 16:25:00.300 DEBUG testcase.TC-03-Register_Valid            - 10: setText(findTestObject("Web/Register/txt_ssn"), "12321311")
2026-05-13 16:25:00.931 DEBUG testcase.TC-03-Register_Valid            - 11: setText(findTestObject("Web/Register/txt_username"), "Haryadi01")
2026-05-13 16:25:01.569 DEBUG testcase.TC-03-Register_Valid            - 12: setText(findTestObject("Web/Register/txt_password"), "qwerty123")
2026-05-13 16:25:02.198 DEBUG testcase.TC-03-Register_Valid            - 13: setText(findTestObject("Web/Register/txt_confirmpassword"), "qwerty123")
2026-05-13 16:25:02.789 DEBUG testcase.TC-03-Register_Valid            - 14: click(findTestObject("Web/Register/btn_register"))
2026-05-13 16:25:03.441 DEBUG testcase.TC-03-Register_Valid            - 15: waitForElementPresent(findTestObject("Web/Register/lbl_failRegister"), 5)
2026-05-13 16:25:03.844 DEBUG testcase.TC-03-Register_Valid            - 16: verifyElementText(findTestObject("Web/Register/lbl_failRegister"), "This username already exists.")
2026-05-13 16:25:04.128 DEBUG testcase.TC-03-Register_Valid            - 17: takeScreenshot(screenshotPath + "TC-04-Register Invalid.png")
2026-05-13 16:25:04.525 DEBUG testcase.TC-03-Register_Valid            - 18: closeBrowser()
2026-05-13 16:25:04.959 DEBUG testcase.TC-03-Register_Valid            - 19: println("TC-04-Register_Invalid Pass - Register Invalid berhasil!")
TC-04-Register_Invalid Pass - Register Invalid berhasil!
2026-05-13 16:25:04.964 INFO  c.k.katalon.core.main.TestCaseExecutor   - END Test Cases/Web/TC-04-Register_Invalid
2026-05-13 16:25:04.970 INFO  c.k.katalon.core.main.TestCaseExecutor   - --------------------
2026-05-13 16:25:04.970 INFO  c.k.katalon.core.main.TestCaseExecutor   - START Test Cases/Web/TC-02-Login_Invalid
2026-05-13 16:25:05.103 DEBUG testcase.TC-02-Login_Invalid             - 1: openBrowser("https://parabank.parasoft.com")
2026-05-13 16:25:05.106 INFO  c.k.k.core.webui.driver.DriverFactory    - Starting 'Chrome' driver
2026-05-13 16:25:05.108 INFO  c.k.k.core.webui.driver.DriverFactory    - Action delay is set to 0 milliseconds
May 13, 2026 4:25:07 PM org.openqa.selenium.devtools.CdpVersionFinder findNearestMatch
WARNING: Unable to find CDP implementation matching 147
May 13, 2026 4:25:07 PM org.openqa.selenium.chromium.ChromiumDriver lambda$new$4
WARNING: Unable to find version of CDP to use for 147.0.7727.138. You may need to include a dependency on a specific version of the CDP using something similar to `org.seleniumhq.selenium:selenium-devtools-v86:4.28.1` where the version ("v86") matches the version of the chromium-based browser you're using and the version number of the artifact is the same as Selenium's.
2026-05-13 16:25:07.259 INFO  c.k.k.core.webui.driver.DriverFactory    - sessionId = b36d18bca81e992c4d93f5aa887dd23e
2026-05-13 16:25:07.260 INFO  c.k.k.core.webui.driver.DriverFactory    - browser = Chrome 147.0.7727.138
2026-05-13 16:25:07.262 INFO  c.k.k.core.webui.driver.DriverFactory    - platform = Windows 10
2026-05-13 16:25:07.263 INFO  c.k.k.core.webui.driver.DriverFactory    - seleniumVersion = 4.28.1
2026-05-13 16:25:07.264 INFO  c.k.k.core.webui.driver.DriverFactory    - proxyInformation = ProxyInformation { proxyOption=NO_PROXY, proxyServerType=HTTP, username=, password=********, proxyServerAddress=, proxyServerPort=0, executionList="", isApplyToDesiredCapabilities=true }
2026-05-13 16:25:08.814 DEBUG testcase.TC-02-Login_Invalid             - 2: setText(findTestObject("Web/Login/txt_username"), "john")
2026-05-13 16:25:09.621 DEBUG testcase.TC-02-Login_Invalid             - 3: setText(findTestObject("Web/Login/txt_password"), "demo1")
2026-05-13 16:25:10.248 DEBUG testcase.TC-02-Login_Invalid             - 4: click(findTestObject("Web/Login/btn_login"))
2026-05-13 16:25:10.887 DEBUG testcase.TC-02-Login_Invalid             - 5: waitForElementPresent(findTestObject("Web/Login/lbl_faillogin"), 5)
2026-05-13 16:25:11.422 DEBUG testcase.TC-02-Login_Invalid             - 6: verifyElementVisible(findTestObject("Web/Login/lbl_faillogin"))
2026-05-13 16:25:11.704 DEBUG testcase.TC-02-Login_Invalid             - 7: verifyElementText(findTestObject("Web/Login/lbl_faillogin"), "The username and password could not be verified.")
2026-05-13 16:25:11.990 DEBUG testcase.TC-02-Login_Invalid             - 8: currentUrl = getUrl()
2026-05-13 16:25:12.014 DEBUG testcase.TC-02-Login_Invalid             - 9: assert currentUrl.contains("login") : "Tetap dihalaman login!"
2026-05-13 16:25:12.017 DEBUG testcase.TC-02-Login_Invalid             - 10: takeScreenshot(screenshotPath + "TC-02-Login Invalid.png")
2026-05-13 16:25:12.374 DEBUG testcase.TC-02-Login_Invalid             - 11: closeBrowser()
2026-05-13 16:25:12.674 DEBUG testcase.TC-02-Login_Invalid             - 12: println("TC-02-Login_Invalid Pass - Login Invalid berhasil!")
TC-02-Login_Invalid Pass - Login Invalid berhasil!
2026-05-13 16:25:12.679 INFO  c.k.katalon.core.main.TestCaseExecutor   - END Test Cases/Web/TC-02-Login_Invalid
2026-05-13 16:25:12.684 INFO  c.k.katalon.core.main.TestCaseExecutor   - --------------------
2026-05-13 16:25:12.684 INFO  c.k.katalon.core.main.TestCaseExecutor   - START Test Cases/Web/TC-01-Login_Valid
2026-05-13 16:25:12.806 DEBUG testcase.TC-02-Login_Invalid             - 1: openBrowser("https://parabank.parasoft.com")
2026-05-13 16:25:12.810 INFO  c.k.k.core.webui.driver.DriverFactory    - Starting 'Chrome' driver
2026-05-13 16:25:12.811 INFO  c.k.k.core.webui.driver.DriverFactory    - Action delay is set to 0 milliseconds
May 13, 2026 4:25:15 PM org.openqa.selenium.devtools.CdpVersionFinder findNearestMatch
WARNING: Unable to find CDP implementation matching 147
May 13, 2026 4:25:15 PM org.openqa.selenium.chromium.ChromiumDriver lambda$new$4
WARNING: Unable to find version of CDP to use for 147.0.7727.138. You may need to include a dependency on a specific version of the CDP using something similar to `org.seleniumhq.selenium:selenium-devtools-v86:4.28.1` where the version ("v86") matches the version of the chromium-based browser you're using and the version number of the artifact is the same as Selenium's.
2026-05-13 16:25:15.128 INFO  c.k.k.core.webui.driver.DriverFactory    - sessionId = 39de9e955279fc470d61eee80193c0d6
2026-05-13 16:25:15.130 INFO  c.k.k.core.webui.driver.DriverFactory    - browser = Chrome 147.0.7727.138
2026-05-13 16:25:15.131 INFO  c.k.k.core.webui.driver.DriverFactory    - platform = Windows 10
2026-05-13 16:25:15.133 INFO  c.k.k.core.webui.driver.DriverFactory    - seleniumVersion = 4.28.1
2026-05-13 16:25:15.136 INFO  c.k.k.core.webui.driver.DriverFactory    - proxyInformation = ProxyInformation { proxyOption=NO_PROXY, proxyServerType=HTTP, username=, password=********, proxyServerAddress=, proxyServerPort=0, executionList="", isApplyToDesiredCapabilities=true }
2026-05-13 16:25:16.677 DEBUG testcase.TC-02-Login_Invalid             - 2: setText(findTestObject("Web/Login/txt_username"), "Haryadi01")
2026-05-13 16:25:17.453 DEBUG testcase.TC-02-Login_Invalid             - 3: setText(findTestObject("Web/Login/txt_password"), "qwerty123")
2026-05-13 16:25:18.073 DEBUG testcase.TC-02-Login_Invalid             - 4: click(findTestObject("Web/Login/btn_login"))
2026-05-13 16:25:19.005 DEBUG testcase.TC-02-Login_Invalid             - 5: waitForElementPresent(findTestObject("Web/Home/lbl_accountoverview"), 5)
2026-05-13 16:25:19.716 DEBUG testcase.TC-02-Login_Invalid             - 6: verifyElementVisible(findTestObject("Web/Home/lbl_accountoverview"))
2026-05-13 16:25:20.003 DEBUG testcase.TC-02-Login_Invalid             - 7: currentUrl = getUrl()
2026-05-13 16:25:20.017 DEBUG testcase.TC-02-Login_Invalid             - 8: assert currentUrl.contains("overview") : "Seharusnya kehalaman overview!"
2026-05-13 16:25:20.021 DEBUG testcase.TC-02-Login_Invalid             - 9: takeScreenshot(screenshotPath + "TC-01-Login Valid.png")
2026-05-13 16:25:20.363 DEBUG testcase.TC-02-Login_Invalid             - 10: closeBrowser()
2026-05-13 16:25:20.682 DEBUG testcase.TC-02-Login_Invalid             - 11: println("TC-1-Login_Valid Pass - Login Valid berhasil!")
TC-1-Login_Valid Pass - Login Valid berhasil!
2026-05-13 16:25:20.687 INFO  c.k.katalon.core.main.TestCaseExecutor   - END Test Cases/Web/TC-01-Login_Valid
2026-05-13 16:25:20.692 INFO  c.k.katalon.core.main.TestCaseExecutor   - --------------------
2026-05-13 16:25:20.692 INFO  c.k.katalon.core.main.TestCaseExecutor   - START Test Cases/Web/TC-Create New Account
2026-05-13 16:25:21.107 DEBUG testcase.TC-Create New Account           - 1: common.WebHelper.login("Haryadi01", "qwerty123")
2026-05-13 16:25:21.129 INFO  c.k.k.core.webui.driver.DriverFactory    - Starting 'Chrome' driver
2026-05-13 16:25:21.131 INFO  c.k.k.core.webui.driver.DriverFactory    - Action delay is set to 0 milliseconds
May 13, 2026 4:25:23 PM org.openqa.selenium.devtools.CdpVersionFinder findNearestMatch
WARNING: Unable to find CDP implementation matching 147
May 13, 2026 4:25:23 PM org.openqa.selenium.chromium.ChromiumDriver lambda$new$4
WARNING: Unable to find version of CDP to use for 147.0.7727.138. You may need to include a dependency on a specific version of the CDP using something similar to `org.seleniumhq.selenium:selenium-devtools-v86:4.28.1` where the version ("v86") matches the version of the chromium-based browser you're using and the version number of the artifact is the same as Selenium's.
2026-05-13 16:25:23.256 INFO  c.k.k.core.webui.driver.DriverFactory    - sessionId = 042e94d7f4acc7f6675b8dd5e137d0a6
2026-05-13 16:25:23.258 INFO  c.k.k.core.webui.driver.DriverFactory    - browser = Chrome 147.0.7727.138
2026-05-13 16:25:23.260 INFO  c.k.k.core.webui.driver.DriverFactory    - platform = Windows 10
2026-05-13 16:25:23.262 INFO  c.k.k.core.webui.driver.DriverFactory    - seleniumVersion = 4.28.1
2026-05-13 16:25:23.265 INFO  c.k.k.core.webui.driver.DriverFactory    - proxyInformation = ProxyInformation { proxyOption=NO_PROXY, proxyServerType=HTTP, username=, password=********, proxyServerAddress=, proxyServerPort=0, executionList="", isApplyToDesiredCapabilities=true }
2026-05-13 16:25:26.994 INFO  k.k.c.m.CustomKeywordDelegatingMetaClass - common.WebHelper.login is PASSED
2026-05-13 16:25:26.996 DEBUG testcase.TC-Create New Account           - 2: click(findTestObject("Web/Home/link_createAccount"))
2026-05-13 16:25:28.106 DEBUG testcase.TC-Create New Account           - 3: selectOptionByValue(findTestObject("Web/OpenAccount/drp_typeAccount"), "1", false)
2026-05-13 16:25:29.114 DEBUG testcase.TC-Create New Account           - 4: driver = getWebDriver()
2026-05-13 16:25:29.126 DEBUG testcase.TC-Create New Account           - 5: selectElement = new org.openqa.selenium.support.ui.Select(driver.findElement(org.openqa.selenium.By.cssSelector(#fromAccountId)))
2026-05-13 16:25:29.448 DEBUG testcase.TC-Create New Account           - 6: options = selectElement.getOptions()
2026-05-13 16:25:29.716 DEBUG testcase.TC-Create New Account           - 7: options.each({ java.lang.Object option -> ... })
Value:13455 - Label: 13455
2026-05-13 16:25:29.782 DEBUG testcase.TC-Create New Account           - 8: firstValue = get(0).getAttribute("value")
2026-05-13 16:25:29.801 DEBUG testcase.TC-Create New Account           - 9: selectElement.selectByValue(firstValue)
2026-05-13 16:25:30.105 DEBUG testcase.TC-Create New Account           - 10: click(findTestObject("Web/OpenAccount/btn_submit"))
2026-05-13 16:25:30.456 DEBUG testcase.TC-Create New Account           - 11: verifyElementText(findTestObject("Web/OpenAccount/lbl_successCreateAccount"), "Account Opened!")
2026-05-13 16:25:31.148 DEBUG testcase.TC-Create New Account           - 12: takeScreenshot(screenshotPath + "TC CreateAccount.png")
2026-05-13 16:25:31.504 DEBUG testcase.TC-Create New Account           - 13: closeBrowser()
2026-05-13 16:25:31.886 DEBUG testcase.TC-Create New Account           - 14: println("Test Case Create Account success!")
Test Case Create Account success!
2026-05-13 16:25:31.889 INFO  c.k.katalon.core.main.TestCaseExecutor   - END Test Cases/Web/TC-Create New Account
2026-05-13 16:25:31.892 INFO  c.k.katalon.core.main.TestCaseExecutor   - --------------------
2026-05-13 16:25:31.893 INFO  c.k.katalon.core.main.TestCaseExecutor   - START Test Cases/Web/Transfer Found/TC TRF-01
2026-05-13 16:25:32.193 DEBUG testcase.TC TRF-01                       - 1: common.WebHelper.login("Haryadi01", "qwerty123")
2026-05-13 16:25:32.197 INFO  c.k.k.core.webui.driver.DriverFactory    - Starting 'Chrome' driver
2026-05-13 16:25:32.199 INFO  c.k.k.core.webui.driver.DriverFactory    - Action delay is set to 0 milliseconds
May 13, 2026 4:25:34 PM org.openqa.selenium.devtools.CdpVersionFinder findNearestMatch
WARNING: Unable to find CDP implementation matching 147
May 13, 2026 4:25:34 PM org.openqa.selenium.chromium.ChromiumDriver lambda$new$4
WARNING: Unable to find version of CDP to use for 147.0.7727.138. You may need to include a dependency on a specific version of the CDP using something similar to `org.seleniumhq.selenium:selenium-devtools-v86:4.28.1` where the version ("v86") matches the version of the chromium-based browser you're using and the version number of the artifact is the same as Selenium's.
2026-05-13 16:25:34.482 INFO  c.k.k.core.webui.driver.DriverFactory    - sessionId = 865152f0594feca4cf7439a33427cd04
2026-05-13 16:25:34.485 INFO  c.k.k.core.webui.driver.DriverFactory    - browser = Chrome 147.0.7727.138
2026-05-13 16:25:34.487 INFO  c.k.k.core.webui.driver.DriverFactory    - platform = Windows 10
2026-05-13 16:25:34.488 INFO  c.k.k.core.webui.driver.DriverFactory    - seleniumVersion = 4.28.1
2026-05-13 16:25:34.490 INFO  c.k.k.core.webui.driver.DriverFactory    - proxyInformation = ProxyInformation { proxyOption=NO_PROXY, proxyServerType=HTTP, username=, password=********, proxyServerAddress=, proxyServerPort=0, executionList="", isApplyToDesiredCapabilities=true }
2026-05-13 16:25:38.861 INFO  k.k.c.m.CustomKeywordDelegatingMetaClass - common.WebHelper.login is PASSED
2026-05-13 16:25:38.864 DEBUG testcase.TC TRF-01                       - 2: click(findTestObject("Web/Home/link_transfer"))
2026-05-13 16:25:39.973 DEBUG testcase.TC TRF-01                       - 3: driver = getWebDriver()
2026-05-13 16:25:39.980 DEBUG testcase.TC TRF-01                       - 4: selectElementFrom = new org.openqa.selenium.support.ui.Select(driver.findElement(org.openqa.selenium.By.cssSelector(#fromAccountId)))
2026-05-13 16:25:40.713 DEBUG testcase.TC TRF-01                       - 5: selectElementTo = new org.openqa.selenium.support.ui.Select(driver.findElement(org.openqa.selenium.By.cssSelector(#toAccountId)))
2026-05-13 16:25:41.000 DEBUG testcase.TC TRF-01                       - 6: setText(findTestObject("Web/Transfer/txt_amount"), "150")
2026-05-13 16:25:41.616 DEBUG testcase.TC TRF-01                       - 7: options = selectElementFrom.getOptions()
2026-05-13 16:25:41.874 DEBUG testcase.TC TRF-01                       - 8: options.each({ java.lang.Object option -> ... })
Value: 13455 — Label: 13455
Value: 13566 — Label: 13566
2026-05-13 16:25:41.929 DEBUG testcase.TC TRF-01                       - 9: fromAccount = get(0).getAttribute("value")
2026-05-13 16:25:41.940 DEBUG testcase.TC TRF-01                       - 10: selectElementFrom.selectByValue(fromAccount)
2026-05-13 16:25:42.275 DEBUG testcase.TC TRF-01                       - 11: optionsToAccount = selectElementTo.getOptions()
2026-05-13 16:25:42.544 DEBUG testcase.TC TRF-01                       - 12: optionsToAccount.each({ java.lang.Object option -> ... })
Value: 13455 — Label: 13455
Value: 13566 — Label: 13566
2026-05-13 16:25:42.598 DEBUG testcase.TC TRF-01                       - 13: toAccount = get(1).getAttribute("value")
2026-05-13 16:25:42.615 DEBUG testcase.TC TRF-01                       - 14: selectElementTo.selectByValue(toAccount)
2026-05-13 16:25:42.931 DEBUG testcase.TC TRF-01                       - 15: click(findTestObject("Web/Transfer/btn_submit"))
2026-05-13 16:25:43.270 DEBUG testcase.TC TRF-01                       - 16: waitForElementPresent(findTestObject("Web/Transfer/lbl_successTransfer"), 5)
2026-05-13 16:25:43.953 DEBUG testcase.TC TRF-01                       - 17: verifyElementText(findTestObject("Web/Transfer/lbl_successTransfer"), "Transfer Complete!")
2026-05-13 16:25:44.230 DEBUG testcase.TC TRF-01                       - 18: takeScreenshot(screenshotPath + "TC TRF-01 Transfer Success.png")
2026-05-13 16:25:44.590 DEBUG testcase.TC TRF-01                       - 19: closeBrowser()
2026-05-13 16:25:44.909 DEBUG testcase.TC TRF-01                       - 20: println("TC-TRF-01 -Transfer Pass!")
TC-TRF-01 -Transfer Pass!
2026-05-13 16:25:44.913 INFO  c.k.katalon.core.main.TestCaseExecutor   - END Test Cases/Web/Transfer Found/TC TRF-01
2026-05-13 16:25:44.919 INFO  c.k.katalon.core.main.TestCaseExecutor   - --------------------
2026-05-13 16:25:44.919 INFO  c.k.katalon.core.main.TestCaseExecutor   - START Test Cases/Web/Transfer Found/TC TRF-02
2026-05-13 16:25:45.215 DEBUG testcase.TC TRF-01                       - 1: common.WebHelper.login("Haryadi01", "qwerty123")
2026-05-13 16:25:45.221 INFO  c.k.k.core.webui.driver.DriverFactory    - Starting 'Chrome' driver
2026-05-13 16:25:45.223 INFO  c.k.k.core.webui.driver.DriverFactory    - Action delay is set to 0 milliseconds
May 13, 2026 4:25:47 PM org.openqa.selenium.devtools.CdpVersionFinder findNearestMatch
WARNING: Unable to find CDP implementation matching 147
May 13, 2026 4:25:47 PM org.openqa.selenium.chromium.ChromiumDriver lambda$new$4
WARNING: Unable to find version of CDP to use for 147.0.7727.138. You may need to include a dependency on a specific version of the CDP using something similar to `org.seleniumhq.selenium:selenium-devtools-v86:4.28.1` where the version ("v86") matches the version of the chromium-based browser you're using and the version number of the artifact is the same as Selenium's.
2026-05-13 16:25:47.561 INFO  c.k.k.core.webui.driver.DriverFactory    - sessionId = 5edd893affe9e8fa03a52a29e0758f64
2026-05-13 16:25:47.562 INFO  c.k.k.core.webui.driver.DriverFactory    - browser = Chrome 147.0.7727.138
2026-05-13 16:25:47.563 INFO  c.k.k.core.webui.driver.DriverFactory    - platform = Windows 10
2026-05-13 16:25:47.564 INFO  c.k.k.core.webui.driver.DriverFactory    - seleniumVersion = 4.28.1
2026-05-13 16:25:47.566 INFO  c.k.k.core.webui.driver.DriverFactory    - proxyInformation = ProxyInformation { proxyOption=NO_PROXY, proxyServerType=HTTP, username=, password=********, proxyServerAddress=, proxyServerPort=0, executionList="", isApplyToDesiredCapabilities=true }
2026-05-13 16:25:51.249 INFO  k.k.c.m.CustomKeywordDelegatingMetaClass - common.WebHelper.login is PASSED
2026-05-13 16:25:51.251 DEBUG testcase.TC TRF-01                       - 2: click(findTestObject("Web/Home/link_transfer"))
2026-05-13 16:25:52.401 DEBUG testcase.TC TRF-01                       - 3: setText(findTestObject("Web/Transfer/txt_amount"), "")
2026-05-13 16:25:53.418 DEBUG testcase.TC TRF-01                       - 4: driver = getWebDriver()
2026-05-13 16:25:53.420 DEBUG testcase.TC TRF-01                       - 5: selectElementFrom = new org.openqa.selenium.support.ui.Select(driver.findElement(org.openqa.selenium.By.cssSelector(#fromAccountId)))
2026-05-13 16:25:53.723 DEBUG testcase.TC TRF-01                       - 6: selectElementTo = new org.openqa.selenium.support.ui.Select(driver.findElement(org.openqa.selenium.By.cssSelector(#toAccountId)))
2026-05-13 16:25:54.005 DEBUG testcase.TC TRF-01                       - 7: setText(findTestObject("Web/Transfer/txt_amount"), "")
2026-05-13 16:25:54.575 DEBUG testcase.TC TRF-01                       - 8: options = selectElementFrom.getOptions()
2026-05-13 16:25:54.840 DEBUG testcase.TC TRF-01                       - 9: options.each({ java.lang.Object option -> ... })
Value: 13455 — Label: 13455
Value: 13566 — Label: 13566
2026-05-13 16:25:54.894 DEBUG testcase.TC TRF-01                       - 10: fromAccount = get(0).getAttribute("value")
2026-05-13 16:25:54.902 DEBUG testcase.TC TRF-01                       - 11: selectElementFrom.selectByValue(fromAccount)
2026-05-13 16:25:55.206 DEBUG testcase.TC TRF-01                       - 12: optionsToAccount = selectElementTo.getOptions()
2026-05-13 16:25:55.477 DEBUG testcase.TC TRF-01                       - 13: optionsToAccount.each({ java.lang.Object option -> ... })
Value: 13455 — Label: 13455
Value: 13566 — Label: 13566
2026-05-13 16:25:55.524 DEBUG testcase.TC TRF-01                       - 14: toAccount = get(1).getAttribute("value")
2026-05-13 16:25:55.535 DEBUG testcase.TC TRF-01                       - 15: selectElementTo.selectByValue(toAccount)
2026-05-13 16:25:55.863 DEBUG testcase.TC TRF-01                       - 16: click(findTestObject("Web/Transfer/btn_submit"))
2026-05-13 16:25:56.209 DEBUG testcase.TC TRF-01                       - 17: waitForElementPresent(findTestObject("Web/Transfer/lbl_failTransfer"), 5)
2026-05-13 16:25:56.576 DEBUG testcase.TC TRF-01                       - 18: verifyElementText(findTestObject("Web/Transfer/lbl_failTransfer"), "The amount cannot be empty.")
2026-05-13 16:25:56.989 ERROR c.k.k.core.keyword.internal.KeywordMain  - ❌ Actual text 'Error!' and expected text 'The amount cannot be empty.' of test object 'Object Repository/Web/Transfer/lbl_failTransfer' are NOT matched. (Root cause: com.kms.katalon.core.exception.StepFailedException: Actual text 'Error!' and expected text 'The amount cannot be empty.' of test object 'Object Repository/Web/Transfer/lbl_failTransfer' are NOT matched.
	at com.kms.katalon.core.webui.keyword.internal.WebUIKeywordMain.stepFailed(WebUIKeywordMain.groovy:118)
	at com.kms.katalon.core.webui.keyword.builtin.VerifyElementTextKeyword$_verifyElementText_closure1.doCall(VerifyElementTextKeyword.groovy:57)
	at com.kms.katalon.core.webui.keyword.builtin.VerifyElementTextKeyword$_verifyElementText_closure1.call(VerifyElementTextKeyword.groovy)
	at com.kms.katalon.core.webui.keyword.internal.WebUIKeywordMain.runKeyword(WebUIKeywordMain.groovy:35)
	at com.kms.katalon.core.webui.keyword.builtin.VerifyElementTextKeyword.verifyElementText(VerifyElementTextKeyword.groovy:72)
	at com.kms.katalon.core.webui.keyword.builtin.VerifyElementTextKeyword.execute(VerifyElementTextKeyword.groovy:40)
	at com.kms.katalon.core.keyword.internal.KeywordExecutor.executeKeywordForPlatform(KeywordExecutor.groovy:64)
	at com.kms.katalon.core.webui.keyword.WebUiBuiltInKeywords.verifyElementText(WebUiBuiltInKeywords.groovy:4994)
	at TC TRF-02.run(TC TRF-02:59)
	at com.kms.katalon.core.main.ScriptEngine.run(ScriptEngine.java:194)
	at com.kms.katalon.core.main.ScriptEngine.runScriptAsRawText(ScriptEngine.java:119)
	at com.kms.katalon.core.main.TestCaseExecutor.runScript(TestCaseExecutor.java:485)
	at com.kms.katalon.core.main.TestCaseExecutor.doExecute(TestCaseExecutor.java:476)
	at com.kms.katalon.core.main.TestCaseExecutor.processExecutionPhase(TestCaseExecutor.java:455)
	at com.kms.katalon.core.main.TestCaseExecutor.accessMainPhase(TestCaseExecutor.java:447)
	at com.kms.katalon.core.main.TestCaseExecutor.execute(TestCaseExecutor.java:321)
	at com.kms.katalon.core.common.CommonExecutor.accessTestCaseMainPhase(CommonExecutor.java:71)
	at com.kms.katalon.core.main.TestSuiteExecutor.accessTestSuiteMainPhase(TestSuiteExecutor.java:160)
	at com.kms.katalon.core.main.TestSuiteExecutor.execute(TestSuiteExecutor.java:107)
	at com.kms.katalon.core.main.TestCaseMain.startTestSuite(TestCaseMain.java:195)
	at TempTestSuite1778664266342.run(TempTestSuite1778664266342.groovy:35)
	at java.base/jdk.internal.reflect.NativeMethodAccessorImpl.invoke0(Native Method)
	at java.base/jdk.internal.reflect.NativeMethodAccessorImpl.invoke(NativeMethodAccessorImpl.java:77)
	at java.base/jdk.internal.reflect.DelegatingMethodAccessorImpl.invoke(DelegatingMethodAccessorImpl.java:43)
)
2026-05-13 16:25:57.091 ERROR c.k.k.core.keyword.internal.KeywordMain  - ❌ Verify element text of test object 'Object Repository/Web/Transfer/lbl_failTransfer' FAILED. (Root cause: com.kms.katalon.core.exception.StepFailedException: Verify element text of test object 'Object Repository/Web/Transfer/lbl_failTransfer' FAILED.
	at com.kms.katalon.core.webui.keyword.internal.WebUIKeywordMain.stepFailed(WebUIKeywordMain.groovy:118)
	at com.kms.katalon.core.webui.keyword.internal.WebUIKeywordMain.runKeyword(WebUIKeywordMain.groovy:43)
	at com.kms.katalon.core.webui.keyword.builtin.VerifyElementTextKeyword.verifyElementText(VerifyElementTextKeyword.groovy:72)
	at com.kms.katalon.core.webui.keyword.builtin.VerifyElementTextKeyword.execute(VerifyElementTextKeyword.groovy:40)
	at com.kms.katalon.core.keyword.internal.KeywordExecutor.executeKeywordForPlatform(KeywordExecutor.groovy:64)
	at com.kms.katalon.core.webui.keyword.WebUiBuiltInKeywords.verifyElementText(WebUiBuiltInKeywords.groovy:4994)
	at TC TRF-02.run(TC TRF-02:59)
	at com.kms.katalon.core.main.ScriptEngine.run(ScriptEngine.java:194)
	at com.kms.katalon.core.main.ScriptEngine.runScriptAsRawText(ScriptEngine.java:119)
	at com.kms.katalon.core.main.TestCaseExecutor.runScript(TestCaseExecutor.java:485)
	at com.kms.katalon.core.main.TestCaseExecutor.doExecute(TestCaseExecutor.java:476)
	at com.kms.katalon.core.main.TestCaseExecutor.processExecutionPhase(TestCaseExecutor.java:455)
	at com.kms.katalon.core.main.TestCaseExecutor.accessMainPhase(TestCaseExecutor.java:447)
	at com.kms.katalon.core.main.TestCaseExecutor.execute(TestCaseExecutor.java:321)
	at com.kms.katalon.core.common.CommonExecutor.accessTestCaseMainPhase(CommonExecutor.java:71)
	at com.kms.katalon.core.main.TestSuiteExecutor.accessTestSuiteMainPhase(TestSuiteExecutor.java:160)
	at com.kms.katalon.core.main.TestSuiteExecutor.execute(TestSuiteExecutor.java:107)
	at com.kms.katalon.core.main.TestCaseMain.startTestSuite(TestCaseMain.java:195)
	at TempTestSuite1778664266342.run(TempTestSuite1778664266342.groovy:35)
	at java.base/jdk.internal.reflect.NativeMethodAccessorImpl.invoke0(Native Method)
	at java.base/jdk.internal.reflect.NativeMethodAccessorImpl.invoke(NativeMethodAccessorImpl.java:77)
	at java.base/jdk.internal.reflect.DelegatingMethodAccessorImpl.invoke(DelegatingMethodAccessorImpl.java:43)
Caused by: com.kms.katalon.core.exception.StepFailedException: Actual text 'Error!' and expected text 'The amount cannot be empty.' of test object 'Object Repository/Web/Transfer/lbl_failTransfer' are NOT matched.
	at com.kms.katalon.core.webui.keyword.internal.WebUIKeywordMain.stepFailed(WebUIKeywordMain.groovy:118)
	at com.kms.katalon.core.webui.keyword.builtin.VerifyElementTextKeyword$_verifyElementText_closure1.doCall(VerifyElementTextKeyword.groovy:57)
	at com.kms.katalon.core.webui.keyword.builtin.VerifyElementTextKeyword$_verifyElementText_closure1.call(VerifyElementTextKeyword.groovy)
	at com.kms.katalon.core.webui.keyword.internal.WebUIKeywordMain.runKeyword(WebUIKeywordMain.groovy:35)
	... 20 more
)
2026-05-13 16:25:57.094 ERROR c.k.katalon.core.main.TestCaseExecutor   - ❌ Test Cases/Web/Transfer Found/TC TRF-02 FAILED.
Reason:
com.kms.katalon.core.exception.StepFailedException: Verify element text of test object 'Object Repository/Web/Transfer/lbl_failTransfer' FAILED.
	at com.kms.katalon.core.webui.keyword.internal.WebUIKeywordMain.stepFailed(WebUIKeywordMain.groovy:118)
	at com.kms.katalon.core.webui.keyword.internal.WebUIKeywordMain.runKeyword(WebUIKeywordMain.groovy:43)
	at com.kms.katalon.core.webui.keyword.builtin.VerifyElementTextKeyword.verifyElementText(VerifyElementTextKeyword.groovy:72)
	at com.kms.katalon.core.webui.keyword.builtin.VerifyElementTextKeyword.execute(VerifyElementTextKeyword.groovy:40)
	at com.kms.katalon.core.keyword.internal.KeywordExecutor.executeKeywordForPlatform(KeywordExecutor.groovy:64)
	at com.kms.katalon.core.webui.keyword.WebUiBuiltInKeywords.verifyElementText(WebUiBuiltInKeywords.groovy:4994)
	at TC TRF-02.run(TC TRF-02:59)
	at com.kms.katalon.core.main.ScriptEngine.run(ScriptEngine.java:194)
	at com.kms.katalon.core.main.ScriptEngine.runScriptAsRawText(ScriptEngine.java:119)
	at com.kms.katalon.core.main.TestCaseExecutor.runScript(TestCaseExecutor.java:485)
	at com.kms.katalon.core.main.TestCaseExecutor.doExecute(TestCaseExecutor.java:476)
	at com.kms.katalon.core.main.TestCaseExecutor.processExecutionPhase(TestCaseExecutor.java:455)
	at com.kms.katalon.core.main.TestCaseExecutor.accessMainPhase(TestCaseExecutor.java:447)
	at com.kms.katalon.core.main.TestCaseExecutor.execute(TestCaseExecutor.java:321)
	at com.kms.katalon.core.common.CommonExecutor.accessTestCaseMainPhase(CommonExecutor.java:71)
	at com.kms.katalon.core.main.TestSuiteExecutor.accessTestSuiteMainPhase(TestSuiteExecutor.java:160)
	at com.kms.katalon.core.main.TestSuiteExecutor.execute(TestSuiteExecutor.java:107)
	at com.kms.katalon.core.main.TestCaseMain.startTestSuite(TestCaseMain.java:195)
	at TempTestSuite1778664266342.run(TempTestSuite1778664266342.groovy:35)
	at java.base/jdk.internal.reflect.NativeMethodAccessorImpl.invoke0(Native Method)
	at java.base/jdk.internal.reflect.NativeMethodAccessorImpl.invoke(NativeMethodAccessorImpl.java:77)
	at java.base/jdk.internal.reflect.DelegatingMethodAccessorImpl.invoke(DelegatingMethodAccessorImpl.java:43)
Caused by: com.kms.katalon.core.exception.StepFailedException: Actual text 'Error!' and expected text 'The amount cannot be empty.' of test object 'Object Repository/Web/Transfer/lbl_failTransfer' are NOT matched.
	at com.kms.katalon.core.webui.keyword.internal.WebUIKeywordMain.stepFailed(WebUIKeywordMain.groovy:118)
	at com.kms.katalon.core.webui.keyword.builtin.VerifyElementTextKeyword$_verifyElementText_closure1.doCall(VerifyElementTextKeyword.groovy:57)
	at com.kms.katalon.core.webui.keyword.builtin.VerifyElementTextKeyword$_verifyElementText_closure1.call(VerifyElementTextKeyword.groovy)
	at com.kms.katalon.core.webui.keyword.internal.WebUIKeywordMain.runKeyword(WebUIKeywordMain.groovy:35)
	... 20 more

2026-05-13 16:25:57.097 INFO  c.k.katalon.core.main.TestCaseExecutor   - END Test Cases/Web/Transfer Found/TC TRF-02
2026-05-13 16:25:57.101 INFO  c.k.katalon.core.main.TestCaseExecutor   - --------------------
2026-05-13 16:25:57.101 INFO  c.k.katalon.core.main.TestCaseExecutor   - START Test Cases/Web/Loan/TC-Loan_01-Request Loan
2026-05-13 16:25:57.293 DEBUG testcase.TC-Loan_01-Request Loan         - 1: common.WebHelper.login("Haryadi01", "qwerty123")
2026-05-13 16:25:57.296 WARN  c.k.k.core.webui.driver.DriverFactory    - A browser is already opened. Closing browser and opening a new one
2026-05-13 16:25:57.689 INFO  c.k.k.core.webui.driver.DriverFactory    - Starting 'Chrome' driver
2026-05-13 16:25:57.690 INFO  c.k.k.core.webui.driver.DriverFactory    - Action delay is set to 0 milliseconds
May 13, 2026 4:25:59 PM org.openqa.selenium.devtools.CdpVersionFinder findNearestMatch
WARNING: Unable to find CDP implementation matching 147
May 13, 2026 4:25:59 PM org.openqa.selenium.chromium.ChromiumDriver lambda$new$4
WARNING: Unable to find version of CDP to use for 147.0.7727.138. You may need to include a dependency on a specific version of the CDP using something similar to `org.seleniumhq.selenium:selenium-devtools-v86:4.28.1` where the version ("v86") matches the version of the chromium-based browser you're using and the version number of the artifact is the same as Selenium's.
2026-05-13 16:25:59.918 INFO  c.k.k.core.webui.driver.DriverFactory    - sessionId = 3c1a14cfd49b089760238c7158f76187
2026-05-13 16:25:59.919 INFO  c.k.k.core.webui.driver.DriverFactory    - browser = Chrome 147.0.7727.138
2026-05-13 16:25:59.920 INFO  c.k.k.core.webui.driver.DriverFactory    - platform = Windows 10
2026-05-13 16:25:59.920 INFO  c.k.k.core.webui.driver.DriverFactory    - seleniumVersion = 4.28.1
2026-05-13 16:25:59.922 INFO  c.k.k.core.webui.driver.DriverFactory    - proxyInformation = ProxyInformation { proxyOption=NO_PROXY, proxyServerType=HTTP, username=, password=********, proxyServerAddress=, proxyServerPort=0, executionList="", isApplyToDesiredCapabilities=true }
2026-05-13 16:26:03.332 INFO  k.k.c.m.CustomKeywordDelegatingMetaClass - common.WebHelper.login is PASSED
2026-05-13 16:26:03.333 DEBUG testcase.TC-Loan_01-Request Loan         - 2: click(findTestObject("Web/Home/link_loan"))
2026-05-13 16:26:04.426 DEBUG testcase.TC-Loan_01-Request Loan         - 3: driver = getWebDriver()
2026-05-13 16:26:04.432 DEBUG testcase.TC-Loan_01-Request Loan         - 4: selectElement = new org.openqa.selenium.support.ui.Select(driver.findElement(org.openqa.selenium.By.cssSelector(#fromAccountId)))
2026-05-13 16:26:04.933 DEBUG testcase.TC-Loan_01-Request Loan         - 5: setText(findTestObject("Web/Loan/txt_loanAmount"), "300")
2026-05-13 16:26:05.550 DEBUG testcase.TC-Loan_01-Request Loan         - 6: setText(findTestObject("Web/Loan/txt_downPayment"), "150")
2026-05-13 16:26:06.158 DEBUG testcase.TC-Loan_01-Request Loan         - 7: options = selectElement.getOptions()
2026-05-13 16:26:06.426 DEBUG testcase.TC-Loan_01-Request Loan         - 8: options.each({ java.lang.Object option -> ... })
Value: 13455 — Label: 13455
Value: 13566 — Label: 13566
2026-05-13 16:26:06.492 DEBUG testcase.TC-Loan_01-Request Loan         - 9: firstValue = get(0).getAttribute("value")
2026-05-13 16:26:06.504 DEBUG testcase.TC-Loan_01-Request Loan         - 10: selectElement.selectByValue(firstValue)
2026-05-13 16:26:06.803 DEBUG testcase.TC-Loan_01-Request Loan         - 11: click(findTestObject("Web/Loan/btn_submit"))
2026-05-13 16:26:07.145 DEBUG testcase.TC-Loan_01-Request Loan         - 12: waitForElementPresent(findTestObject("Web/Loan/lbl_statusLoan"), 5)
2026-05-13 16:26:07.963 DEBUG testcase.TC-Loan_01-Request Loan         - 13: verifyElementText(findTestObject("Web/Loan/lbl_statusLoan"), "Approved")
2026-05-13 16:26:08.243 DEBUG testcase.TC-Loan_01-Request Loan         - 14: takeScreenshot(screenshotPath + "TC-01-getLoan.png")
2026-05-13 16:26:08.603 DEBUG testcase.TC-Loan_01-Request Loan         - 15: closeBrowser()
2026-05-13 16:26:08.904 DEBUG testcase.TC-Loan_01-Request Loan         - 16: println("TC-loan-01 Request loan Pass -Berhasil request loan")
TC-loan-01 Request loan Pass -Berhasil request loan
2026-05-13 16:26:08.907 INFO  c.k.katalon.core.main.TestCaseExecutor   - END Test Cases/Web/Loan/TC-Loan_01-Request Loan
2026-05-13 16:26:08.912 INFO  c.k.katalon.core.main.TestCaseExecutor   - --------------------
2026-05-13 16:26:08.912 INFO  c.k.katalon.core.main.TestCaseExecutor   - START Test Cases/Web/FindTransfer/TC-FTR_01 ByAmount
2026-05-13 16:26:09.177 DEBUG testcase.TC-Loan_01-Request Loan         - 1: common.WebHelper.login("Haryadi01", "qwerty123")
2026-05-13 16:26:09.181 INFO  c.k.k.core.webui.driver.DriverFactory    - Starting 'Chrome' driver
2026-05-13 16:26:09.183 INFO  c.k.k.core.webui.driver.DriverFactory    - Action delay is set to 0 milliseconds
May 13, 2026 4:26:11 PM org.openqa.selenium.devtools.CdpVersionFinder findNearestMatch
WARNING: Unable to find CDP implementation matching 147
May 13, 2026 4:26:11 PM org.openqa.selenium.chromium.ChromiumDriver lambda$new$4
WARNING: Unable to find version of CDP to use for 147.0.7727.138. You may need to include a dependency on a specific version of the CDP using something similar to `org.seleniumhq.selenium:selenium-devtools-v86:4.28.1` where the version ("v86") matches the version of the chromium-based browser you're using and the version number of the artifact is the same as Selenium's.
2026-05-13 16:26:11.342 INFO  c.k.k.core.webui.driver.DriverFactory    - sessionId = 6638144a562fb7920270c7ceefaadd82
2026-05-13 16:26:11.344 INFO  c.k.k.core.webui.driver.DriverFactory    - browser = Chrome 147.0.7727.138
2026-05-13 16:26:11.345 INFO  c.k.k.core.webui.driver.DriverFactory    - platform = Windows 10
2026-05-13 16:26:11.347 INFO  c.k.k.core.webui.driver.DriverFactory    - seleniumVersion = 4.28.1
2026-05-13 16:26:11.350 INFO  c.k.k.core.webui.driver.DriverFactory    - proxyInformation = ProxyInformation { proxyOption=NO_PROXY, proxyServerType=HTTP, username=, password=********, proxyServerAddress=, proxyServerPort=0, executionList="", isApplyToDesiredCapabilities=true }
2026-05-13 16:26:15.486 INFO  k.k.c.m.CustomKeywordDelegatingMetaClass - common.WebHelper.login is PASSED
2026-05-13 16:26:15.488 DEBUG testcase.TC-Loan_01-Request Loan         - 2: click(findTestObject("Web/Home/link_findTransfer"))
2026-05-13 16:26:16.568 DEBUG testcase.TC-Loan_01-Request Loan         - 3: driver = getWebDriver()
2026-05-13 16:26:16.572 DEBUG testcase.TC-Loan_01-Request Loan         - 4: selectElement = new org.openqa.selenium.support.ui.Select(driver.findElement(org.openqa.selenium.By.cssSelector(#accountId)))
2026-05-13 16:26:16.973 DEBUG testcase.TC-Loan_01-Request Loan         - 5: options = selectElement.getOptions()
2026-05-13 16:26:17.241 DEBUG testcase.TC-Loan_01-Request Loan         - 6: options.each({ java.lang.Object option -> ... })
Value:13566 - label:13566
Value:13788 - label:13788
Value:13455 - label:13455
2026-05-13 16:26:17.314 DEBUG testcase.TC-Loan_01-Request Loan         - 7: firstValue = get(0).getAttribute("value")
2026-05-13 16:26:17.322 DEBUG testcase.TC-Loan_01-Request Loan         - 8: selectElement.selectByValue(firstValue)
2026-05-13 16:26:17.625 DEBUG testcase.TC-Loan_01-Request Loan         - 9: setText(findTestObject("Web/FindTransf/txt_amount"), "150")
2026-05-13 16:26:18.246 DEBUG testcase.TC-Loan_01-Request Loan         - 10: click(findTestObject("Web/FindTransf/btn_findByAmount"))
2026-05-13 16:26:18.575 DEBUG testcase.TC-Loan_01-Request Loan         - 11: waitForElementPresent(findTestObject("Web/FindTransf/tbl_result"), 5)
2026-05-13 16:26:19.281 DEBUG testcase.TC-Loan_01-Request Loan         - 12: verifyElementPresent(findTestObject("Web/FindTransf/tbl_firstRow"), 5)
2026-05-13 16:26:19.565 DEBUG testcase.TC-Loan_01-Request Loan         - 13: takeScreenshot(screenshotPath + "TC - FTR By Amount.png")
2026-05-13 16:26:19.908 DEBUG testcase.TC-Loan_01-Request Loan         - 14: closeBrowser()
2026-05-13 16:26:20.244 DEBUG testcase.TC-Loan_01-Request Loan         - 15: println("TC-FTR-01 ByAmount Pass - Mencari transaksi menggunakan amount berhasil")
TC-FTR-01 ByAmount Pass - Mencari transaksi menggunakan amount berhasil
2026-05-13 16:26:20.247 INFO  c.k.katalon.core.main.TestCaseExecutor   - END Test Cases/Web/FindTransfer/TC-FTR_01 ByAmount
2026-05-13 16:26:20.251 INFO  c.k.katalon.core.main.TestCaseExecutor   - --------------------
2026-05-13 16:26:20.251 INFO  c.k.katalon.core.main.TestCaseExecutor   - START Test Cases/Web/FindTransfer/TC-FTR_02 ByDate
2026-05-13 16:26:20.468 DEBUG testcase.TC-Loan_01-Request Loan         - 1: common.WebHelper.login("Haryadi01", "qwerty123")
2026-05-13 16:26:20.471 INFO  c.k.k.core.webui.driver.DriverFactory    - Starting 'Chrome' driver
2026-05-13 16:26:20.473 INFO  c.k.k.core.webui.driver.DriverFactory    - Action delay is set to 0 milliseconds
May 13, 2026 4:26:22 PM org.openqa.selenium.devtools.CdpVersionFinder findNearestMatch
WARNING: Unable to find CDP implementation matching 147
May 13, 2026 4:26:22 PM org.openqa.selenium.chromium.ChromiumDriver lambda$new$4
WARNING: Unable to find version of CDP to use for 147.0.7727.138. You may need to include a dependency on a specific version of the CDP using something similar to `org.seleniumhq.selenium:selenium-devtools-v86:4.28.1` where the version ("v86") matches the version of the chromium-based browser you're using and the version number of the artifact is the same as Selenium's.
2026-05-13 16:26:22.673 INFO  c.k.k.core.webui.driver.DriverFactory    - sessionId = 647c090d53b974bf0da3e8e59a4cd45d
2026-05-13 16:26:22.675 INFO  c.k.k.core.webui.driver.DriverFactory    - browser = Chrome 147.0.7727.138
2026-05-13 16:26:22.676 INFO  c.k.k.core.webui.driver.DriverFactory    - platform = Windows 10
2026-05-13 16:26:22.677 INFO  c.k.k.core.webui.driver.DriverFactory    - seleniumVersion = 4.28.1
2026-05-13 16:26:22.679 INFO  c.k.k.core.webui.driver.DriverFactory    - proxyInformation = ProxyInformation { proxyOption=NO_PROXY, proxyServerType=HTTP, username=, password=********, proxyServerAddress=, proxyServerPort=0, executionList="", isApplyToDesiredCapabilities=true }
2026-05-13 16:26:26.077 INFO  k.k.c.m.CustomKeywordDelegatingMetaClass - common.WebHelper.login is PASSED
2026-05-13 16:26:26.081 DEBUG testcase.TC-Loan_01-Request Loan         - 2: click(findTestObject("Web/Home/link_findTransfer"))
2026-05-13 16:26:27.208 DEBUG testcase.TC-Loan_01-Request Loan         - 3: driver = getWebDriver()
2026-05-13 16:26:27.217 DEBUG testcase.TC-Loan_01-Request Loan         - 4: selectElement = new org.openqa.selenium.support.ui.Select(driver.findElement(org.openqa.selenium.By.cssSelector(#accountId)))
2026-05-13 16:26:27.625 DEBUG testcase.TC-Loan_01-Request Loan         - 5: options = selectElement.getOptions()
2026-05-13 16:26:27.898 DEBUG testcase.TC-Loan_01-Request Loan         - 6: options.each({ java.lang.Object option -> ... })
Value:13566 - label:13566
Value:13788 - label:13788
Value:13455 - label:13455
2026-05-13 16:26:27.965 DEBUG testcase.TC-Loan_01-Request Loan         - 7: firstValue = get(0).getAttribute("value")
2026-05-13 16:26:27.974 DEBUG testcase.TC-Loan_01-Request Loan         - 8: selectElement.selectByValue(firstValue)
2026-05-13 16:26:28.270 DEBUG testcase.TC-Loan_01-Request Loan         - 9: currentDate = common.WebHelper.getCurrentDate()
2026-05-13 16:26:28.285 INFO  k.k.c.m.CustomKeywordDelegatingMetaClass - common.WebHelper.getCurrentDate is PASSED
2026-05-13 16:26:28.286 DEBUG testcase.TC-Loan_01-Request Loan         - 10: setText(findTestObject("Web/FindTransf/txt_fromDate"), currentDate)
2026-05-13 16:26:28.902 DEBUG testcase.TC-Loan_01-Request Loan         - 11: setText(findTestObject("Web/FindTransf/txt_toDate"), currentDate)
2026-05-13 16:26:29.510 DEBUG testcase.TC-Loan_01-Request Loan         - 12: click(findTestObject("Web/FindTransf/btn_findByDateRange"))
2026-05-13 16:26:29.830 DEBUG testcase.TC-Loan_01-Request Loan         - 13: waitForElementPresent(findTestObject("Web/FindTransf/tbl_result"), 5)
2026-05-13 16:26:30.530 DEBUG testcase.TC-Loan_01-Request Loan         - 14: verifyElementPresent(findTestObject("Web/FindTransf/tbl_firstRow"), 5)
2026-05-13 16:26:30.807 DEBUG testcase.TC-Loan_01-Request Loan         - 15: takeScreenshot(screenshotPath + "TC-FindByDate Success.png")
2026-05-13 16:26:31.163 DEBUG testcase.TC-Loan_01-Request Loan         - 16: closeBrowser()
2026-05-13 16:26:31.475 DEBUG testcase.TC-Loan_01-Request Loan         - 17: println("TC-FTR-01 ByAmount Pass - Mencari transaksi menggunakan amount berhasil")
TC-FTR-01 ByAmount Pass - Mencari transaksi menggunakan amount berhasil
2026-05-13 16:26:31.479 INFO  c.k.katalon.core.main.TestCaseExecutor   - END Test Cases/Web/FindTransfer/TC-FTR_02 ByDate
2026-05-13 16:26:31.543 INFO  c.k.katalon.core.main.TestSuiteExecutor  - --------------------
2026-05-13 16:26:31.543 INFO  c.k.katalon.core.main.TestSuiteExecutor  - END Test Suites/TS-Web_Regession
2026-05-13 16:26:31.543 INFO  c.k.katalon.core.main.TestSuiteExecutor  - ====================
